# Configuration
seed: 42
save_root: my_models
state_dimension: 4
area_size: 100.0
x0: [0.0, 50.0, 0.0, 50.0]
time_delta: 0.1
mu: 1.0
rho: 32.82806350011744
r_scale: [0.25, 0.5, 1.0, 2.0, 4.0]
p0_scale: 10.0
use_dt_mismatch: true
dt_mismatch_values: [1.0, 2.0, 5.0]
num_nodes: 50
graph_seed: 42
k_neighbors: 5
train_models: ["dkn", "gnn_rnn"]
hidden_dim: 128
learn_edge_kalman: true
consensus_layer: adaptive
position_only_loss: true
batch_size: 64
learning_rate: 0.0001
max_epochs: 40
train_sims: 20000
val_sims: 256
time_steps: 20
num_trials: 50
preview_trajectories: 4
description: Baseline: curriculum on with epoch_per_step=20, r sweep 0.25-4, dt mismatch 1/2/5, dkn + gnn_rnn
gnn_rnn_hidden_dim: 128
gnn_rnn_learning_rate: 0.0001
early_stop_patience: 5
early_stop_min_delta: 0.001
gradient_clip_val: 1.0
curriculum: {"enabled": true, "start_time_steps": 10, "step_time_steps": 10, "max_time_steps": 20, "epochs_per_stage": 20}

# Node positions (50)
  0: [77.39560485559633, 43.88784397520523]
  1: [85.85979199113825, 69.73680290593639]
  2: [9.417734788764953, 97.5622351636756]
  3: [76.1139701990353, 78.60643052769538]
  4: [12.811363267554587, 45.038593789556714]
  5: [37.07980242325812, 92.67649888486018]
  6: [64.38651200806646, 82.276161327083]
  7: [44.34141988273311, 22.723872178477688]
  8: [55.45847870158348, 6.381725610417533]
  9: [82.7631171992582, 63.166439912206485]
  10: [75.80877400853738, 35.45259681298683]
  11: [97.06980243949033, 89.31211213221977]
  12: [77.83834970737618, 19.463870785196757]
  13: [46.67210037270342, 4.380376578722878]
  14: [15.428949206754783, 68.30489532424546]
  15: [74.47621559078172, 96.750973243421]
  16: [32.58253581381519, 37.045970603486886]
  17: [46.95558112758079, 18.94713590842857]
  18: [12.992150533547164, 47.57049262259338]
  19: [22.69093490508841, 66.98139946825104]
  20: [43.715191887233075, 83.26781960578374]
  21: [70.0265102002249, 31.236664138204105]
  22: [83.2259801395201, 80.47643574968019]
  23: [38.74783790301745, 28.83281039302441]
  24: [68.24955039749754, 13.97524836093098]
  25: [19.990820247510833, 0.7362269751005512]
  26: [78.69243775021384, 66.48508565920321]
  27: [70.51653786263351, 78.07290310219679]
  28: [45.891577553834, 56.87411959528937]
  29: [13.979699812765745, 11.453007353597345]
  30: [66.84029617904716, 47.10962061431325]
  31: [56.52361064811888, 76.49988574160255]
  32: [63.47183200005908, 55.35794006579958]
  33: [55.92071607454135, 30.39500980626122]
  34: [3.0817834567939406, 43.671738923236234]
  35: [21.45846728195292, 40.852864372463614]
  36: [85.34030732681661, 23.393948586534073]
  37: [5.830274168906602, 28.138389202199654]
  38: [29.35937577666836, 66.1916514726895]
  39: [55.70321523412783, 78.38982091064135]
  40: [66.43135403273875, 40.63868614400705]
  41: [81.40203846660347, 16.697291990770392]
  42: [2.2712073133860478, 9.004786077564175]
  43: [72.23593505964503, 46.18772302513874]
  44: [16.127177903360177, 50.10447751033635]
  45: [15.231210271316842, 69.6320375077736]
  46: [44.61562755740307, 38.10212260964825]
  47: [30.151208914787652, 63.028259311888846]
  48: [36.18126105533904, 8.7649919316101]
  49: [11.800590212051532, 96.18976645495145]
