# Configuration
seed: 42
save_root: models/kfir
state_dimension: 4
x0: [0, 50, 0, 50]
time_delta: 0.08
process_noise_std: 1.0
p0_scale: 10.0
measurement_noise_values: [0.25, 0.5, 1.0, 2.0, 4.0]
use_dt_mismatch: true
dt_mismatch_values: [1.0, 1.5]
num_nodes: 10
graph_seed: 42
k_neighbors: 5
hidden_dim: 128
learn_edge_kalman: true
batch_size: 64
learning_rate: 0.001
max_epochs: 100
train_sims: 20000
val_sims: 256
train_time_steps: 20
test_time_steps: 20
num_trials: 50
preview_trajectories: 4
description: baseline study- gnn/DKN, with and w.o model mismatch in dt.
train_models: ["dkn", "gnn_rnn"]
gnn_rnn_hidden_dim: 128
gnn_rnn_learning_rate: 0.001

# Node positions (10)
  0: [77.39560485559633, 43.88784397520523]
  1: [85.85979199113825, 69.73680290593639]
  2: [9.417734788764953, 97.5622351636756]
  3: [76.1139701990353, 78.60643052769538]
  4: [12.811363267554587, 45.038593789556714]
  5: [37.07980242325812, 92.67649888486018]
  6: [64.38651200806646, 82.276161327083]
  7: [44.34141988273311, 22.723872178477688]
  8: [55.45847870158348, 6.381725610417533]
  9: [82.7631171992582, 63.166439912206485]
